src/App.tsx(1,1): error TS6133: 'React' is declared but its value is never read.
src/components/onboarding/OnboardingWizard.tsx(1,8): error TS6133: 'React' is declared but its value is never read.
src/components/onboarding/steps/StepAccountInfo.tsx(1,1): error TS6133: 'React' is declared but its value is never read.
src/components/onboarding/steps/StepExperience.tsx(1,1): error TS6133: 'React' is declared but its value is never read.
src/components/onboarding/steps/StepFundingPrefs.tsx(1,1): error TS6133: 'React' is declared but its value is never read.
src/components/onboarding/steps/StepLocation.tsx(1,1): error TS6133: 'React' is declared but its value is never read.
src/components/onboarding/steps/StepNotifications.tsx(1,1): error TS6133: 'React' is declared but its value is never read.
src/components/onboarding/steps/StepOrganization.tsx(1,1): error TS6133: 'React' is declared but its value is never read.
src/components/onboarding/steps/StepResearchArea.tsx(1,1): error TS6133: 'React' is declared but its value is never read.
src/components/onboarding/steps/StepUserType.tsx(1,1): error TS6133: 'React' is declared but its value is never read.
